[ygamin.bitbucket.io/flexpack/1.2.0/product.html]
[use.fontawesome.com/releases/v5.0.8/css/all.css]
[ygamin.bitbucket.io/flexpack/1.2.0/assets/plugins/flickity/flickity.min.css]
[ygamin.bitbucket.io/flexpack/1.2.0/assets/plugins/fullpagejs/dist/fullpage.min.css]
[backblue.gif]
[fade.gif]
[index.html]
[ygamin.bitbucket.io/flexpack/1.2.0/assets/css/flexpack-blue.min.css]
[ygamin.bitbucket.io/flexpack/1.2.0/assets/video/1.mp4]
[ygamin.bitbucket.io/flexpack/1.2.0/assets/img/home_product.jpg]
[ygamin.bitbucket.io/flexpack/1.2.0/assets/img/img_1.jpg]
[ygamin.bitbucket.io/flexpack/1.2.0/assets/img/img_2.jpg]
[ygamin.bitbucket.io/flexpack/1.2.0/assets/img/product_1.jpg]
[ygamin.bitbucket.io/flexpack/1.2.0/assets/img/product_2.jpg]
[ygamin.bitbucket.io/flexpack/1.2.0/assets/img/product_3.jpg]
[ygamin.bitbucket.io/flexpack/1.2.0/assets/img/product_4.jpg]
[ygamin.bitbucket.io/flexpack/1.2.0/assets/img/product_6.jpg]
[ygamin.bitbucket.io/flexpack/1.2.0/assets/img/product_7.jpg]
[ygamin.bitbucket.io/flexpack/1.2.0/assets/img/product_8.jpg]
[ygamin.bitbucket.io/flexpack/1.2.0/assets/img/countdown_bg.jpg]
[ygamin.bitbucket.io/flexpack/1.2.0/assets/img/feature_img_1.png]
[ygamin.bitbucket.io/flexpack/1.2.0/assets/img/feature_img_2.png]
[ygamin.bitbucket.io/flexpack/1.2.0/assets/img/feature_img_3.png]
[ygamin.bitbucket.io/flexpack/1.2.0/assets/img/testimonials_bg_2.jpg]
[ygamin.bitbucket.io/flexpack/1.2.0/assets/img/quote_img.jpg]
[ygamin.bitbucket.io/flexpack/1.2.0/assets/img/testimonials_img1.jpg]
[ygamin.bitbucket.io/flexpack/1.2.0/assets/img/testimonials_img2.jpg]
[code.jquery.com/jquery-3.3.1.min.js]
[cdnjs.cloudflare.com/ajax/libs/popper.js/1.14.3/umd/popper.min.js]
[stackpath.bootstrapcdn.com/bootstrap/4.1.1/js/bootstrap.min.js]
[ygamin.bitbucket.io/flexpack/1.2.0/assets/plugins/waypoints/lib/jquery.waypoints.min.js]
[ygamin.bitbucket.io/flexpack/1.2.0/assets/plugins/flickity/flickity.pkgd.min.js]
[ygamin.bitbucket.io/flexpack/1.2.0/assets/plugins/feather/feather.min.js]
[ygamin.bitbucket.io/flexpack/1.2.0/assets/plugins/contact/contact.js]
[ygamin.bitbucket.io/flexpack/1.2.0/assets/plugins/countTo/jquery.countTo.js]
[ygamin.bitbucket.io/flexpack/1.2.0/assets/plugins/countdown/jquery.countdown.min.js]
[ygamin.bitbucket.io/flexpack/1.2.0/assets/plugins/parallax/parallax.min.js]
[ygamin.bitbucket.io/flexpack/1.2.0/assets/plugins/fullpagejs/vendors/scrolloverflow.min.js]
[ygamin.bitbucket.io/flexpack/1.2.0/assets/plugins/fullpagejs/dist/fullpage.min.js]
[ygamin.bitbucket.io/flexpack/1.2.0/product.html]
[use.fontawesome.com/releases/v5.0.8/css/all.css]
[ygamin.bitbucket.io/flexpack/1.2.0/assets/plugins/flickity/flickity.min.css]
[ygamin.bitbucket.io/flexpack/1.2.0/assets/plugins/fullpagejs/dist/fullpage.min.css]
[ygamin.bitbucket.io/flexpack/1.2.0/assets/css/flexpack-blue.min.css]
[ygamin.bitbucket.io/flexpack/1.2.0/assets/js/theme.min.js]
